---
source: riff_bindgen/src/render/swift/templates.rs
expression: "render_function(&func, \"riff\")"
---
public func processPoint(point: Point) -> Point {
    let pointBytes = riffEncode { writer in point.encode(to: &writer) }
    let buf = riff_process_point(pointBytes, UInt(pointBytes.count))
    defer { riff_free_buf_u8(buf) }
    return riffDecodeOwnedBuf(buf.ptr, Int(buf.len)) { reader in Point.decode(from: &reader) }
}
